// Vitest Snapshot v1

exports[`parseConfig > flags > rootDir=outDir 1`] = `"Directory rootDir(.) and outDir(.) are conflict! Please specify different directory for one of them."`;
